exports[`Home should match snapshot 1`] = `
ShallowWrapper {
  "complexSelector": ComplexSelector {
    "buildPredicate": [Function],
    "childrenOfNode": [Function],
    "findWhereUnwrapped": [Function],
  },
  "length": 1,
  "node": <FadeIn
    onRest={[Function]}>
    <section
        className="home-container"
        id="home">
        <div
            className="curtain" />
    </section>
</FadeIn>,
  "nodes": Array [
    <FadeIn
      onRest={[Function]}>
      <section
            className="home-container"
            id="home">
            <div
                  className="curtain" />
      </section>
</FadeIn>,
  ],
  "options": Object {},
  "renderer": ReactShallowRenderer {
    "_instance": ShallowComponentWrapper {
      "_calledComponentWillUnmount": false,
      "_compositeType": 0,
      "_context": Object {},
      "_currentElement": <Home />,
      "_debugID": 1,
      "_hostContainerInfo": null,
      "_hostParent": null,
      "_instance": Home {
        "_reactInternalInstance": [Circular],
        "context": Object {},
        "displaySub": [Function],
        "firstLine": Array [
          "I",
          " ",
          "a",
          "m",
        ],
        "name": Array [
          "C",
          "a",
          "r",
          "l",
          "o",
          "s",
          " ",
          "F",
          "r",
          "i",
          "a",
          "s",
        ],
        "props": Object {},
        "refs": Object {},
        "secondLine": Array [
          "f",
          "u",
          "l",
          "l",
          "-",
          "s",
          "t",
          "a",
          "c",
          "k",
        ],
        "state": Object {
          "designer": false,
          "developer": false,
          "finishedTyping": false,
          "firstLine": "",
          "name": "",
          "ready": false,
          "secondLine": "",
          "startedTyping": false,
          "thirdLine": "",
        },
        "thirdLine": Array [
          "u",
          "x",
          "/",
          "u",
          "i",
        ],
        "typeCharArray": [Function],
        "updater": Object {
          "enqueueCallback": [Function],
          "enqueueCallbackInternal": [Function],
          "enqueueElementInternal": [Function],
          "enqueueForceUpdate": [Function],
          "enqueueReplaceState": [Function],
          "enqueueSetState": [Function],
          "isMounted": [Function],
          "validateCallback": [Function],
        },
      },
      "_mountOrder": 1,
      "_pendingCallbacks": null,
      "_pendingElement": null,
      "_pendingForceUpdate": false,
      "_pendingReplaceState": false,
      "_pendingStateQueue": null,
      "_renderedComponent": NoopInternalComponent {
        "_currentElement": <FadeIn
          onRest={[Function]}>
          <section
                    className="home-container"
                    id="home">
                    <div
                              className="curtain" />
          </section>
</FadeIn>,
        "_debugID": 2,
        "_renderedOutput": <FadeIn
          onRest={[Function]}>
          <section
                    className="home-container"
                    id="home">
                    <div
                              className="curtain" />
          </section>
</FadeIn>,
      },
      "_renderedNodeType": 1,
      "_rootNodeID": 0,
      "_topLevelWrapper": null,
      "_updateBatchNumber": null,
      "_warnedAboutRefsInRender": false,
    },
    "getRenderOutput": [Function],
    "render": [Function],
  },
  "root": [Circular],
  "unrendered": <Home />,
}
`;
